combined data_final.csv
id,item_id,dept_id,cat_id,store_id,state_id,demand,date,sell_price,year,month,dayofweek
FOODS_3_586_TX_2_validation,FOODS_3_586,FOODS_3,FOODS,TX_2,TX,117,15-08-2011,1.48,2011,8,0
FOODS_3_586_TX_2_validation,FOODS_3_586,FOODS_3,FOODS,TX_2,TX,122,16-08-2011,1.48,2011,8,1
FOODS_3_586_TX_2_validation,FOODS_3_586,FOODS_3,FOODS,TX_2,TX,108,17-08-2011,1.48,2011,8,2
FOODS_3_586_TX_2_validation,FOODS_3_586,FOODS_3,FOODS,TX_2,TX,106,18-08-2011,1.48,2011,8,3
FOODS_3_586_TX_2_validation,FOODS_3_586,FOODS_3,FOODS,TX_2,TX,171,19-08-2011,1.48,2011,8,4
FOODS_3_586_TX_2_validation,FOODS_3_586,FOODS_3,FOODS,TX_2,TX,204,20-08-2011,1.48,2011,8,5
FOODS_3_586_TX_2_validation,FOODS_3_586,FOODS_3,FOODS,TX_2,TX,192,21-08-2011,1.48,2011,8,6
FOODS_3_586_TX_2_validation,FOODS_3_586,FOODS_3,FOODS,TX_2,TX,123,22-08-2011,1.48,2011,8,0
FOODS_3_586_TX_2_validation,FOODS_3_586,FOODS_3,FOODS,TX_2,TX,110,23-08-2011,1.48,2011,8,1
FOODS_3_586_TX_2_validation,FOODS_3_586,FOODS_3,FOODS,TX_2,TX,130,24-08-2011,1.48,2011,8,2
FOODS_3_586_TX_2_validation,FOODS_3_586,FOODS_3,FOODS,TX_2,TX,105,25-08-2011,1.48,2011,8,3
FOODS_3_586_TX_2_validation,FOODS_3_586,FOODS_3,FOODS,TX_2,TX,127,26-08-2011,1.48,2011,8,4
FOODS_3_586_TX_2_validation,FOODS_3_586,FOODS_3,FOODS,TX_2,TX,172,27-08-2011,1.48,2011,8,5
FOODS_3_586_TX_2_validation,FOODS_3_586,FOODS_3,FOODS,TX_2,TX,193,28-08-2011,1.48,2011,8,6
FOODS_3_586_TX_2_validation,FOODS_3_586,FOODS_3,FOODS,TX_2,TX,116,29-08-2011,1.48,2011,8,0
FOODS_3_586_TX_2_validation,FOODS_3_586,FOODS_3,FOODS,TX_2,TX,101,30-08-2011,1.48,2011,8,1
FOODS_3_586_TX_2_validation,FOODS_3_586,FOODS_3,FOODS,TX_2,TX,95,31-08-2011,1.48,2011,8,2
FOODS_3_586_TX_2_validation,FOODS_3_586,FOODS_3,FOODS,TX_2,TX,144,01-09-2011,1.48,2011,9,3
FOODS_3_586_TX_2_validation,FOODS_3_586,FOODS_3,FOODS,TX_2,TX,147,02-09-2011,1.48,2011,9,4
FOODS_3_586_TX_2_validation,FOODS_3_586,FOODS_3,FOODS,TX_2,TX,177,03-09-2011,1.48,2011,9,5
FOODS_3_586_TX_2_validation,FOODS_3_586,FOODS_3,FOODS,TX_2,TX,88,04-09-2011,1.48,2011,9,6
FOODS_3_586_TX_2_validation,FOODS_3_586,FOODS_3,FOODS,TX_2,TX,138,05-09-2011,1.48,2011,9,0
FOODS_3_586_TX_2_validation,FOODS_3_586,FOODS_3,FOODS,TX_2,TX,105,06-09-2011,1.48,2011,9,1
FOODS_3_586_TX_2_validation,FOODS_3_586,FOODS_3,FOODS,TX_2,TX,117,07-09-2011,1.48,2011,9,2
FOODS_3_586_TX_2_validation,FOODS_3_586,FOODS_3,FOODS,TX_2,TX,106,08-09-2011,1.48,2011,9,3
FOODS_3_586_TX_2_validation,FOODS_3_586,FOODS_3,FOODS,TX_2,TX,148,09-09-2011,1.48,2011,9,4
FOODS_3_586_TX_2_validation,FOODS_3_586,FOODS_3,FOODS,TX_2,TX,175,10-09-2011,1.48,2011,9,5
FOODS_3_586_TX_2_validation,FOODS_3_586,FOODS_3,FOODS,TX_2,TX,187,11-09-2011,1.48,2011,9,6
FOODS_3_586_TX_2_validation,FOODS_3_586,FOODS_3,FOODS,TX_2,TX,153,12-09-2011,1.48,2011,9,0
FOODS_3_586_TX_2_validation,FOODS_3_586,FOODS_3,FOODS,TX_2,TX,126,13-09-2011,1.48,2011,9,1
FOODS_3_586_TX_2_validation,FOODS_3_586,FOODS_3,FOODS,TX_2,TX,103,14-09-2011,1.48,2011,9,2
FOODS_3_586_TX_2_validation,FOODS_3_586,FOODS_3,FOODS,TX_2,TX,132,15-09-2011,1.48,2011,9,3
FOODS_3_586_TX_2_validation,FOODS_3_586,FOODS_3,FOODS,TX_2,TX,159,16-09-2011,1.48,2011,9,4
FOODS_3_586_TX_2_validation,FOODS_3_586,FOODS_3,FOODS,TX_2,TX,172,17-09-2011,1.48,2011,9,5
FOODS_3_586_TX_2_validation,FOODS_3_586,FOODS_3,FOODS,TX_2,TX,141,18-09-2011,1.48,2011,9,6
FOODS_3_586_TX_2_validation,FOODS_3_586,FOODS_3,FOODS,TX_2,TX,109,19-09-2011,1.48,2011,9,0
FOODS_3_586_TX_2_validation,FOODS_3_586,FOODS_3,FOODS,TX_2,TX,106,20-09-2011,1.48,2011,9,1
FOODS_3_586_TX_2_validation,FOODS_3_586,FOODS_3,FOODS,TX_2,TX,100,21-09-2011,1.48,2011,9,2
FOODS_3_586_TX_2_validation,FOODS_3_586,FOODS_3,FOODS,TX_2,TX,109,22-09-2011,1.48,2011,9,3
FOODS_3_586_TX_2_validation,FOODS_3_586,FOODS_3,FOODS,TX_2,TX,117,23-09-2011,1.48,2011,9,4
FOODS_3_586_TX_2_validation,FOODS_3_586,FOODS_3,FOODS,TX_2,TX,189,24-09-2011,1.48,2011,9,5
FOODS_3_586_TX_2_validation,FOODS_3_586,FOODS_3,FOODS,TX_2,TX,155,25-09-2011,1.48,2011,9,6
FOODS_3_586_TX_2_validation,FOODS_3_586,FOODS_3,FOODS,TX_2,TX,117,26-09-2011,1.48,2011,9,0
FOODS_3_586_TX_2_validation,FOODS_3_586,FOODS_3,FOODS,TX_2,TX,118,27-09-2011,1.48,2011,9,1
FOODS_3_586_TX_2_validation,FOODS_3_586,FOODS_3,FOODS,TX_2,TX,103,28-09-2011,1.48,2011,9,2
FOODS_3_586_TX_2_validation,FOODS_3_586,FOODS_3,FOODS,TX_2,TX,104,29-09-2011,1.48,2011,9,3
FOODS_3_586_TX_2_validation,FOODS_3_586,FOODS_3,FOODS,TX_2,TX,152,30-09-2011,1.48,2011,9,4
FOODS_3_586_TX_2_validation,FOODS_3_586,FOODS_3,FOODS,TX_2,TX,187,01-10-2011,1.48,2011,10,5
FOODS_3_586_TX_2_validation,FOODS_3_586,FOODS_3,FOODS,TX_2,TX,159,02-10-2011,1.48,2011,10,6
FOODS_3_586_TX_2_validation,FOODS_3_586,FOODS_3,FOODS,TX_2,TX,105,03-10-2011,1.48,2011,10,0
FOODS_3_586_TX_2_validation,FOODS_3_586,FOODS_3,FOODS,TX_2,TX,98,04-10-2011,1.48,2011,10,1
FOODS_3_586_TX_2_validation,FOODS_3_586,FOODS_3,FOODS,TX_2,TX,126,05-10-2011,1.48,2011,10,2
FOODS_3_586_TX_2_validation,FOODS_3_586,FOODS_3,FOODS,TX_2,TX,152,06-10-2011,1.48,2011,10,3
FOODS_3_586_TX_2_validation,FOODS_3_586,FOODS_3,FOODS,TX_2,TX,148,07-10-2011,1.48,2011,10,4
FOODS_3_586_TX_2_validation,FOODS_3_586,FOODS_3,FOODS,TX_2,TX,166,08-10-2011,1.48,2011,10,5
FOODS_3_586_TX_2_validation,FOODS_3_586,FOODS_3,FOODS,TX_2,TX,145,09-10-2011,1.48,2011,10,6
FOODS_3_586_TX_2_validation,FOODS_3_586,FOODS_3,FOODS,TX_2,TX,102,10-10-2011,1.48,2011,10,0
FOODS_3_586_TX_2_validation,FOODS_3_586,FOODS_3,FOODS,TX_2,TX,100,11-10-2011,1.48,2011,10,1
FOODS_3_586_TX_2_validation,FOODS_3_586,FOODS_3,FOODS,TX_2,TX,110,12-10-2011,1.48,2011,10,2
FOODS_3_586_TX_2_validation,FOODS_3_586,FOODS_3,FOODS,TX_2,TX,140,13-10-2011,1.48,2011,10,3
FOODS_3_586_TX_2_validation,FOODS_3_586,FOODS_3,FOODS,TX_2,TX,161,14-10-2011,1.48,2011,10,4
FOODS_3_586_TX_2_validation,FOODS_3_586,FOODS_3,FOODS,TX_2,TX,213,15-10-2011,1.48,2011,10,5
FOODS_3_586_TX_2_validation,FOODS_3_586,FOODS_3,FOODS,TX_2,TX,174,16-10-2011,1.48,2011,10,6
FOODS_3_586_TX_2_validation,FOODS_3_586,FOODS_3,FOODS,TX_2,TX,111,17-10-2011,1.48,2011,10,0
FOODS_3_586_TX_2_validation,FOODS_3_586,FOODS_3,FOODS,TX_2,TX,97,18-10-2011,1.48,2011,10,1
FOODS_3_586_TX_2_validation,FOODS_3_586,FOODS_3,FOODS,TX_2,TX,91,19-10-2011,1.48,2011,10,2
FOODS_3_586_TX_2_validation,FOODS_3_586,FOODS_3,FOODS,TX_2,TX,128,20-10-2011,1.48,2011,10,3
FOODS_3_586_TX_2_validation,FOODS_3_586,FOODS_3,FOODS,TX_2,TX,146,21-10-2011,1.48,2011,10,4
FOODS_3_586_TX_2_validation,FOODS_3_586,FOODS_3,FOODS,TX_2,TX,173,22-10-2011,1.48,2011,10,5
FOODS_3_586_TX_2_validation,FOODS_3_586,FOODS_3,FOODS,TX_2,TX,167,23-10-2011,1.48,2011,10,6
FOODS_3_586_TX_2_validation,FOODS_3_586,FOODS_3,FOODS,TX_2,TX,137,24-10-2011,1.48,2011,10,0
FOODS_3_586_TX_2_validation,FOODS_3_586,FOODS_3,FOODS,TX_2,TX,108,25-10-2011,1.48,2011,10,1
FOODS_3_586_TX_2_validation,FOODS_3_586,FOODS_3,FOODS,TX_2,TX,88,26-10-2011,1.48,2011,10,2
FOODS_3_586_TX_2_validation,FOODS_3_586,FOODS_3,FOODS,TX_2,TX,146,27-10-2011,1.48,2011,10,3
FOODS_3_586_TX_2_validation,FOODS_3_586,FOODS_3,FOODS,TX_2,TX,128,28-10-2011,1.48,2011,10,4
FOODS_3_586_TX_2_validation,FOODS_3_586,FOODS_3,FOODS,TX_2,TX,156,29-10-2011,1.48,2011,10,5
FOODS_3_586_TX_2_validation,FOODS_3_586,FOODS_3,FOODS,TX_2,TX,156,30-10-2011,1.48,2011,10,6
FOODS_3_586_TX_2_validation,FOODS_3_586,FOODS_3,FOODS,TX_2,TX,95,31-10-2011,1.48,2011,10,0
FOODS_3_586_TX_2_validation,FOODS_3_586,FOODS_3,FOODS,TX_2,TX,102,01-11-2011,1.48,2011,11,1
FOODS_3_586_TX_2_validation,FOODS_3_586,FOODS_3,FOODS,TX_2,TX,80,02-11-2011,1.48,2011,11,2
FOODS_3_586_TX_2_validation,FOODS_3_586,FOODS_3,FOODS,TX_2,TX,118,03-11-2011,1.48,2011,11,3
FOODS_3_586_TX_2_validation,FOODS_3_586,FOODS_3,FOODS,TX_2,TX,148,04-11-2011,1.48,2011,11,4
FOODS_3_586_TX_2_validation,FOODS_3_586,FOODS_3,FOODS,TX_2,TX,181,05-11-2011,1.48,2011,11,5
FOODS_3_586_TX_2_validation,FOODS_3_586,FOODS_3,FOODS,TX_2,TX,169,06-11-2011,1.48,2011,11,6
FOODS_3_586_TX_2_validation,FOODS_3_586,FOODS_3,FOODS,TX_2,TX,96,07-11-2011,1.48,2011,11,0
FOODS_3_586_TX_2_validation,FOODS_3_586,FOODS_3,FOODS,TX_2,TX,102,08-11-2011,1.48,2011,11,1
FOODS_3_586_TX_2_validation,FOODS_3_586,FOODS_3,FOODS,TX_2,TX,107,09-11-2011,1.48,2011,11,2
FOODS_3_586_TX_2_validation,FOODS_3_586,FOODS_3,FOODS,TX_2,TX,110,10-11-2011,1.48,2011,11,3
FOODS_3_586_TX_2_validation,FOODS_3_586,FOODS_3,FOODS,TX_2,TX,131,11-11-2011,1.48,2011,11,4
FOODS_3_586_TX_2_validation,FOODS_3_586,FOODS_3,FOODS,TX_2,TX,166,12-11-2011,1.48,2011,11,5
FOODS_3_586_TX_2_validation,FOODS_3_586,FOODS_3,FOODS,TX_2,TX,180,13-11-2011,1.48,2011,11,6
FOODS_3_586_TX_2_validation,FOODS_3_586,FOODS_3,FOODS,TX_2,TX,116,14-11-2011,1.48,2011,11,0
FOODS_3_586_TX_2_validation,FOODS_3_586,FOODS_3,FOODS,TX_2,TX,111,15-11-2011,1.48,2011,11,1
FOODS_3_586_TX_2_validation,FOODS_3_586,FOODS_3,FOODS,TX_2,TX,120,16-11-2011,1.48,2011,11,2
FOODS_3_586_TX_2_validation,FOODS_3_586,FOODS_3,FOODS,TX_2,TX,93,17-11-2011,1.48,2011,11,3
FOODS_3_586_TX_2_validation,FOODS_3_586,FOODS_3,FOODS,TX_2,TX,143,18-11-2011,1.48,2011,11,4
FOODS_3_586_TX_2_validation,FOODS_3_586,FOODS_3,FOODS,TX_2,TX,154,19-11-2011,1.48,2011,11,5
FOODS_3_586_TX_2_validation,FOODS_3_586,FOODS_3,FOODS,TX_2,TX,153,20-11-2011,1.48,2011,11,6
FOODS_3_586_TX_2_validation,FOODS_3_586,FOODS_3,FOODS,TX_2,TX,122,21-11-2011,1.48,2011,11,0
FOODS_3_586_TX_2_validation,FOODS_3_586,FOODS_3,FOODS,TX_2,TX,119,22-11-2011,1.48,2011,11,1
FOODS_3_586_TX_2_validation,FOODS_3_586,FOODS_3,FOODS,TX_2,TX,147,23-11-2011,1.48,2011,11,2
FOODS_3_586_TX_2_validation,FOODS_3_586,FOODS_3,FOODS,TX_2,TX,211,24-11-2011,1.48,2011,11,3
FOODS_3_586_TX_2_validation,FOODS_3_586,FOODS_3,FOODS,TX_2,TX,237,25-11-2011,1.48,2011,11,4
FOODS_3_586_TX_2_validation,FOODS_3_586,FOODS_3,FOODS,TX_2,TX,116,26-11-2011,1.48,2011,11,5
FOODS_3_586_TX_2_validation,FOODS_3_586,FOODS_3,FOODS,TX_2,TX,128,27-11-2011,1.48,2011,11,6
FOODS_3_586_TX_2_validation,FOODS_3_586,FOODS_3,FOODS,TX_2,TX,107,28-11-2011,1.48,2011,11,0
FOODS_3_586_TX_2_validation,FOODS_3_586,FOODS_3,FOODS,TX_2,TX,91,29-11-2011,1.48,2011,11,1
FOODS_3_586_TX_2_validation,FOODS_3_586,FOODS_3,FOODS,TX_2,TX,92,30-11-2011,1.48,2011,11,2
FOODS_3_586_TX_2_validation,FOODS_3_586,FOODS_3,FOODS,TX_2,TX,106,01-12-2011,1.48,2011,12,3
FOODS_3_586_TX_2_validation,FOODS_3_586,FOODS_3,FOODS,TX_2,TX,130,02-12-2011,1.48,2011,12,4
FOODS_3_586_TX_2_validation,FOODS_3_586,FOODS_3,FOODS,TX_2,TX,158,03-12-2011,1.48,2011,12,5
FOODS_3_586_TX_2_validation,FOODS_3_586,FOODS_3,FOODS,TX_2,TX,147,04-12-2011,1.48,2011,12,6
FOODS_3_586_TX_2_validation,FOODS_3_586,FOODS_3,FOODS,TX_2,TX,113,05-12-2011,1.48,2011,12,0
FOODS_3_586_TX_2_validation,FOODS_3_586,FOODS_3,FOODS,TX_2,TX,115,06-12-2011,1.48,2011,12,1
FOODS_3_586_TX_2_validation,FOODS_3_586,FOODS_3,FOODS,TX_2,TX,111,07-12-2011,1.48,2011,12,2
FOODS_3_586_TX_2_validation,FOODS_3_586,FOODS_3,FOODS,TX_2,TX,119,08-12-2011,1.48,2011,12,3
FOODS_3_586_TX_2_validation,FOODS_3_586,FOODS_3,FOODS,TX_2,TX,140,09-12-2011,1.48,2011,12,4
FOODS_3_586_TX_2_validation,FOODS_3_586,FOODS_3,FOODS,TX_2,TX,132,10-12-2011,1.48,2011,12,5
FOODS_3_586_TX_2_validation,FOODS_3_586,FOODS_3,FOODS,TX_2,TX,155,11-12-2011,1.48,2011,12,6
FOODS_3_586_TX_2_validation,FOODS_3_586,FOODS_3,FOODS,TX_2,TX,120,12-12-2011,1.48,2011,12,0
FOODS_3_586_TX_2_validation,FOODS_3_586,FOODS_3,FOODS,TX_2,TX,93,13-12-2011,1.48,2011,12,1
FOODS_3_586_TX_2_validation,FOODS_3_586,FOODS_3,FOODS,TX_2,TX,138,14-12-2011,1.48,2011,12,2
FOODS_3_586_TX_2_validation,FOODS_3_586,FOODS_3,FOODS,TX_2,TX,143,15-12-2011,1.48,2011,12,3
FOODS_3_586_TX_2_validation,FOODS_3_586,FOODS_3,FOODS,TX_2,TX,138,16-12-2011,1.48,2011,12,4
FOODS_3_586_TX_2_validation,FOODS_3_586,FOODS_3,FOODS,TX_2,TX,176,17-12-2011,1.48,2011,12,5
FOODS_3_586_TX_2_validation,FOODS_3_586,FOODS_3,FOODS,TX_2,TX,164,18-12-2011,1.48,2011,12,6
FOODS_3_586_TX_2_validation,FOODS_3_586,FOODS_3,FOODS,TX_2,TX,125,19-12-2011,1.48,2011,12,0
FOODS_3_586_TX_2_validation,FOODS_3_586,FOODS_3,FOODS,TX_2,TX,161,20-12-2011,1.48,2011,12,1
FOODS_3_586_TX_2_validation,FOODS_3_586,FOODS_3,FOODS,TX_2,TX,128,21-12-2011,1.48,2011,12,2
FOODS_3_586_TX_2_validation,FOODS_3_586,FOODS_3,FOODS,TX_2,TX,173,22-12-2011,1.48,2011,12,3
FOODS_3_586_TX_2_validation,FOODS_3_586,FOODS_3,FOODS,TX_2,TX,227,23-12-2011,1.48,2011,12,4
FOODS_3_586_TX_2_validation,FOODS_3_586,FOODS_3,FOODS,TX_2,TX,145,24-12-2011,1.48,2011,12,5
FOODS_3_586_TX_2_validation,FOODS_3_586,FOODS_3,FOODS,TX_2,TX,0,25-12-2011,1.48,2011,12,6
FOODS_3_586_TX_2_validation,FOODS_3_586,FOODS_3,FOODS,TX_2,TX,133,26-12-2011,1.48,2011,12,0
FOODS_3_586_TX_2_validation,FOODS_3_586,FOODS_3,FOODS,TX_2,TX,112,27-12-2011,1.48,2011,12,1
FOODS_3_586_TX_2_validation,FOODS_3_586,FOODS_3,FOODS,TX_2,TX,113,28-12-2011,1.48,2011,12,2
FOODS_3_586_TX_2_validation,FOODS_3_586,FOODS_3,FOODS,TX_2,TX,108,29-12-2011,1.48,2011,12,3
FOODS_3_586_TX_2_validation,FOODS_3_586,FOODS_3,FOODS,TX_2,TX,134,30-12-2011,1.48,2011,12,4
FOODS_3_586_TX_2_validation,FOODS_3_586,FOODS_3,FOODS,TX_2,TX,150,31-12-2011,1.48,2011,12,5
FOODS_3_586_TX_2_validation,FOODS_3_586,FOODS_3,FOODS,TX_2,TX,102,01-01-2012,1.48,2012,1,6
FOODS_3_586_TX_2_validation,FOODS_3_586,FOODS_3,FOODS,TX_2,TX,100,02-01-2012,1.48,2012,1,0
FOODS_3_586_TX_2_validation,FOODS_3_586,FOODS_3,FOODS,TX_2,TX,99,03-01-2012,1.48,2012,1,1
FOODS_3_586_TX_2_validation,FOODS_3_586,FOODS_3,FOODS,TX_2,TX,83,04-01-2012,1.48,2012,1,2
FOODS_3_586_TX_2_validation,FOODS_3_586,FOODS_3,FOODS,TX_2,TX,102,05-01-2012,1.48,2012,1,3
FOODS_3_586_TX_2_validation,FOODS_3_586,FOODS_3,FOODS,TX_2,TX,95,06-01-2012,1.48,2012,1,4
FOODS_3_586_TX_2_validation,FOODS_3_586,FOODS_3,FOODS,TX_2,TX,147,07-01-2012,1.48,2012,1,5
FOODS_3_586_TX_2_validation,FOODS_3_586,FOODS_3,FOODS,TX_2,TX,129,08-01-2012,1.48,2012,1,6
FOODS_3_586_TX_2_validation,FOODS_3_586,FOODS_3,FOODS,TX_2,TX,61,09-01-2012,1.48,2012,1,0
FOODS_3_586_TX_2_validation,FOODS_3_586,FOODS_3,FOODS,TX_2,TX,86,10-01-2012,1.48,2012,1,1
FOODS_3_586_TX_2_validation,FOODS_3_586,FOODS_3,FOODS,TX_2,TX,105,11-01-2012,1.48,2012,1,2
FOODS_3_586_TX_2_validation,FOODS_3_586,FOODS_3,FOODS,TX_2,TX,98,12-01-2012,1.48,2012,1,3
FOODS_3_586_TX_2_validation,FOODS_3_586,FOODS_3,FOODS,TX_2,TX,101,13-01-2012,1.48,2012,1,4
FOODS_3_586_TX_2_validation,FOODS_3_586,FOODS_3,FOODS,TX_2,TX,140,14-01-2012,1.48,2012,1,5
FOODS_3_586_TX_2_validation,FOODS_3_586,FOODS_3,FOODS,TX_2,TX,125,15-01-2012,1.48,2012,1,6
FOODS_3_586_TX_2_validation,FOODS_3_586,FOODS_3,FOODS,TX_2,TX,112,16-01-2012,1.48,2012,1,0
FOODS_3_586_TX_2_validation,FOODS_3_586,FOODS_3,FOODS,TX_2,TX,97,17-01-2012,1.48,2012,1,1
FOODS_3_586_TX_2_validation,FOODS_3_586,FOODS_3,FOODS,TX_2,TX,68,18-01-2012,1.48,2012,1,2
FOODS_3_586_TX_2_validation,FOODS_3_586,FOODS_3,FOODS,TX_2,TX,89,19-01-2012,1.48,2012,1,3
FOODS_3_586_TX_2_validation,FOODS_3_586,FOODS_3,FOODS,TX_2,TX,94,20-01-2012,1.48,2012,1,4
FOODS_3_586_TX_2_validation,FOODS_3_586,FOODS_3,FOODS,TX_2,TX,149,21-01-2012,1.48,2012,1,5
FOODS_3_586_TX_2_validation,FOODS_3_586,FOODS_3,FOODS,TX_2,TX,140,22-01-2012,1.48,2012,1,6
FOODS_3_586_TX_2_validation,FOODS_3_586,FOODS_3,FOODS,TX_2,TX,102,23-01-2012,1.48,2012,1,0
FOODS_3_586_TX_2_validation,FOODS_3_586,FOODS_3,FOODS,TX_2,TX,78,24-01-2012,1.48,2012,1,1
FOODS_3_586_TX_2_validation,FOODS_3_586,FOODS_3,FOODS,TX_2,TX,78,25-01-2012,1.48,2012,1,2
FOODS_3_586_TX_2_validation,FOODS_3_586,FOODS_3,FOODS,TX_2,TX,79,26-01-2012,1.48,2012,1,3
FOODS_3_586_TX_2_validation,FOODS_3_586,FOODS_3,FOODS,TX_2,TX,107,27-01-2012,1.48,2012,1,4
FOODS_3_586_TX_2_validation,FOODS_3_586,FOODS_3,FOODS,TX_2,TX,122,28-01-2012,1.48,2012,1,5
FOODS_3_586_TX_2_validation,FOODS_3_586,FOODS_3,FOODS,TX_2,TX,134,29-01-2012,1.48,2012,1,6
FOODS_3_586_TX_2_validation,FOODS_3_586,FOODS_3,FOODS,TX_2,TX,75,30-01-2012,1.48,2012,1,0
FOODS_3_586_TX_2_validation,FOODS_3_586,FOODS_3,FOODS,TX_2,TX,95,31-01-2012,1.48,2012,1,1
FOODS_3_586_TX_2_validation,FOODS_3_586,FOODS_3,FOODS,TX_2,TX,108,01-02-2012,1.48,2012,2,2
FOODS_3_586_TX_2_validation,FOODS_3_586,FOODS_3,FOODS,TX_2,TX,91,02-02-2012,1.48,2012,2,3
FOODS_3_586_TX_2_validation,FOODS_3_586,FOODS_3,FOODS,TX_2,TX,97,03-02-2012,1.48,2012,2,4
FOODS_3_586_TX_2_validation,FOODS_3_586,FOODS_3,FOODS,TX_2,TX,131,04-02-2012,1.48,2012,2,5
FOODS_3_586_TX_2_validation,FOODS_3_586,FOODS_3,FOODS,TX_2,TX,150,05-02-2012,1.48,2012,2,6
FOODS_3_586_TX_2_validation,FOODS_3_586,FOODS_3,FOODS,TX_2,TX,99,06-02-2012,1.48,2012,2,0
FOODS_3_586_TX_2_validation,FOODS_3_586,FOODS_3,FOODS,TX_2,TX,105,07-02-2012,1.48,2012,2,1
FOODS_3_586_TX_2_validation,FOODS_3_586,FOODS_3,FOODS,TX_2,TX,102,08-02-2012,1.48,2012,2,2
FOODS_3_586_TX_2_validation,FOODS_3_586,FOODS_3,FOODS,TX_2,TX,107,09-02-2012,1.48,2012,2,3
FOODS_3_586_TX_2_validation,FOODS_3_586,FOODS_3,FOODS,TX_2,TX,123,10-02-2012,1.48,2012,2,4
FOODS_3_586_TX_2_validation,FOODS_3_586,FOODS_3,FOODS,TX_2,TX,162,11-02-2012,1.48,2012,2,5
FOODS_3_586_TX_2_validation,FOODS_3_586,FOODS_3,FOODS,TX_2,TX,125,12-02-2012,1.48,2012,2,6
FOODS_3_586_TX_2_validation,FOODS_3_586,FOODS_3,FOODS,TX_2,TX,114,13-02-2012,1.48,2012,2,0
FOODS_3_586_TX_2_validation,FOODS_3_586,FOODS_3,FOODS,TX_2,TX,117,14-02-2012,1.48,2012,2,1
FOODS_3_586_TX_2_validation,FOODS_3_586,FOODS_3,FOODS,TX_2,TX,67,15-02-2012,1.48,2012,2,2
FOODS_3_586_TX_2_validation,FOODS_3_586,FOODS_3,FOODS,TX_2,TX,0,16-02-2012,1.48,2012,2,3
FOODS_3_586_TX_2_validation,FOODS_3_586,FOODS_3,FOODS,TX_2,TX,0,17-02-2012,1.48,2012,2,4
FOODS_3_586_TX_2_validation,FOODS_3_586,FOODS_3,FOODS,TX_2,TX,149,18-02-2012,1.58,2012,2,5
FOODS_3_586_TX_2_validation,FOODS_3_586,FOODS_3,FOODS,TX_2,TX,171,19-02-2012,1.58,2012,2,6
FOODS_3_586_TX_2_validation,FOODS_3_586,FOODS_3,FOODS,TX_2,TX,94,20-02-2012,1.58,2012,2,0
FOODS_3_586_TX_2_validation,FOODS_3_586,FOODS_3,FOODS,TX_2,TX,88,21-02-2012,1.58,2012,2,1
FOODS_3_586_TX_2_validation,FOODS_3_586,FOODS_3,FOODS,TX_2,TX,86,22-02-2012,1.58,2012,2,2
FOODS_3_586_TX_2_validation,FOODS_3_586,FOODS_3,FOODS,TX_2,TX,114,23-02-2012,1.58,2012,2,3
FOODS_3_586_TX_2_validation,FOODS_3_586,FOODS_3,FOODS,TX_2,TX,87,24-02-2012,1.58,2012,2,4
FOODS_3_586_TX_2_validation,FOODS_3_586,FOODS_3,FOODS,TX_2,TX,139,25-02-2012,1.58,2012,2,5
FOODS_3_586_TX_2_validation,FOODS_3_586,FOODS_3,FOODS,TX_2,TX,127,26-02-2012,1.58,2012,2,6
