combined data_final.csv
id,item_id,dept_id,cat_id,store_id,state_id,demand,date,sell_price,year,month,dayofweek
FOODS_3_586_TX_2_validation,FOODS_3_586,FOODS_3,FOODS,TX_2,TX,55,24-04-2014,1.58,2014,4,3
FOODS_3_586_TX_2_validation,FOODS_3_586,FOODS_3,FOODS,TX_2,TX,98,25-04-2014,1.58,2014,4,4
FOODS_3_586_TX_2_validation,FOODS_3_586,FOODS_3,FOODS,TX_2,TX,118,26-04-2014,1.58,2014,4,5
FOODS_3_586_TX_2_validation,FOODS_3_586,FOODS_3,FOODS,TX_2,TX,106,27-04-2014,1.58,2014,4,6
FOODS_3_586_TX_2_validation,FOODS_3_586,FOODS_3,FOODS,TX_2,TX,68,28-04-2014,1.58,2014,4,0
FOODS_3_586_TX_2_validation,FOODS_3_586,FOODS_3,FOODS,TX_2,TX,62,29-04-2014,1.58,2014,4,1
FOODS_3_586_TX_2_validation,FOODS_3_586,FOODS_3,FOODS,TX_2,TX,75,30-04-2014,1.58,2014,4,2
FOODS_3_586_TX_2_validation,FOODS_3_586,FOODS_3,FOODS,TX_2,TX,102,01-05-2014,1.58,2014,5,3
FOODS_3_586_TX_2_validation,FOODS_3_586,FOODS_3,FOODS,TX_2,TX,74,02-05-2014,1.58,2014,5,4
FOODS_3_586_TX_2_validation,FOODS_3_586,FOODS_3,FOODS,TX_2,TX,104,03-05-2014,1.58,2014,5,5
FOODS_3_586_TX_2_validation,FOODS_3_586,FOODS_3,FOODS,TX_2,TX,101,04-05-2014,1.58,2014,5,6
FOODS_3_586_TX_2_validation,FOODS_3_586,FOODS_3,FOODS,TX_2,TX,75,05-05-2014,1.58,2014,5,0
FOODS_3_586_TX_2_validation,FOODS_3_586,FOODS_3,FOODS,TX_2,TX,71,06-05-2014,1.58,2014,5,1
FOODS_3_586_TX_2_validation,FOODS_3_586,FOODS_3,FOODS,TX_2,TX,72,07-05-2014,1.58,2014,5,2
FOODS_3_586_TX_2_validation,FOODS_3_586,FOODS_3,FOODS,TX_2,TX,73,08-05-2014,1.58,2014,5,3
FOODS_3_586_TX_2_validation,FOODS_3_586,FOODS_3,FOODS,TX_2,TX,87,09-05-2014,1.58,2014,5,4
FOODS_3_586_TX_2_validation,FOODS_3_586,FOODS_3,FOODS,TX_2,TX,152,10-05-2014,1.58,2014,5,5
FOODS_3_586_TX_2_validation,FOODS_3_586,FOODS_3,FOODS,TX_2,TX,109,11-05-2014,1.58,2014,5,6
FOODS_3_586_TX_2_validation,FOODS_3_586,FOODS_3,FOODS,TX_2,TX,71,12-05-2014,1.58,2014,5,0
FOODS_3_586_TX_2_validation,FOODS_3_586,FOODS_3,FOODS,TX_2,TX,48,13-05-2014,1.58,2014,5,1
FOODS_3_586_TX_2_validation,FOODS_3_586,FOODS_3,FOODS,TX_2,TX,62,14-05-2014,1.58,2014,5,2
FOODS_3_586_TX_2_validation,FOODS_3_586,FOODS_3,FOODS,TX_2,TX,79,15-05-2014,1.58,2014,5,3
FOODS_3_586_TX_2_validation,FOODS_3_586,FOODS_3,FOODS,TX_2,TX,91,16-05-2014,1.58,2014,5,4
FOODS_3_586_TX_2_validation,FOODS_3_586,FOODS_3,FOODS,TX_2,TX,93,17-05-2014,1.58,2014,5,5
FOODS_3_586_TX_2_validation,FOODS_3_586,FOODS_3,FOODS,TX_2,TX,103,18-05-2014,1.58,2014,5,6
FOODS_3_586_TX_2_validation,FOODS_3_586,FOODS_3,FOODS,TX_2,TX,61,19-05-2014,1.58,2014,5,0
FOODS_3_586_TX_2_validation,FOODS_3_586,FOODS_3,FOODS,TX_2,TX,60,20-05-2014,1.58,2014,5,1
FOODS_3_586_TX_2_validation,FOODS_3_586,FOODS_3,FOODS,TX_2,TX,77,21-05-2014,1.58,2014,5,2
FOODS_3_586_TX_2_validation,FOODS_3_586,FOODS_3,FOODS,TX_2,TX,60,22-05-2014,1.58,2014,5,3
FOODS_3_586_TX_2_validation,FOODS_3_586,FOODS_3,FOODS,TX_2,TX,91,23-05-2014,1.58,2014,5,4
FOODS_3_586_TX_2_validation,FOODS_3_586,FOODS_3,FOODS,TX_2,TX,81,24-05-2014,1.58,2014,5,5
FOODS_3_586_TX_2_validation,FOODS_3_586,FOODS_3,FOODS,TX_2,TX,106,25-05-2014,1.58,2014,5,6
FOODS_3_586_TX_2_validation,FOODS_3_586,FOODS_3,FOODS,TX_2,TX,70,26-05-2014,1.58,2014,5,0
FOODS_3_586_TX_2_validation,FOODS_3_586,FOODS_3,FOODS,TX_2,TX,61,27-05-2014,1.58,2014,5,1
FOODS_3_586_TX_2_validation,FOODS_3_586,FOODS_3,FOODS,TX_2,TX,57,28-05-2014,1.58,2014,5,2
FOODS_3_586_TX_2_validation,FOODS_3_586,FOODS_3,FOODS,TX_2,TX,82,29-05-2014,1.58,2014,5,3
FOODS_3_586_TX_2_validation,FOODS_3_586,FOODS_3,FOODS,TX_2,TX,80,30-05-2014,1.58,2014,5,4
FOODS_3_586_TX_2_validation,FOODS_3_586,FOODS_3,FOODS,TX_2,TX,81,31-05-2014,1.58,2014,5,5
FOODS_3_586_TX_2_validation,FOODS_3_586,FOODS_3,FOODS,TX_2,TX,101,01-06-2014,1.58,2014,6,6
FOODS_3_586_TX_2_validation,FOODS_3_586,FOODS_3,FOODS,TX_2,TX,71,02-06-2014,1.58,2014,6,0
FOODS_3_586_TX_2_validation,FOODS_3_586,FOODS_3,FOODS,TX_2,TX,78,03-06-2014,1.58,2014,6,1
FOODS_3_586_TX_2_validation,FOODS_3_586,FOODS_3,FOODS,TX_2,TX,90,04-06-2014,1.58,2014,6,2
FOODS_3_586_TX_2_validation,FOODS_3_586,FOODS_3,FOODS,TX_2,TX,95,05-06-2014,1.58,2014,6,3
FOODS_3_586_TX_2_validation,FOODS_3_586,FOODS_3,FOODS,TX_2,TX,82,06-06-2014,1.58,2014,6,4
FOODS_3_586_TX_2_validation,FOODS_3_586,FOODS_3,FOODS,TX_2,TX,162,07-06-2014,1.58,2014,6,5
FOODS_3_586_TX_2_validation,FOODS_3_586,FOODS_3,FOODS,TX_2,TX,94,08-06-2014,1.58,2014,6,6
FOODS_3_586_TX_2_validation,FOODS_3_586,FOODS_3,FOODS,TX_2,TX,68,09-06-2014,1.58,2014,6,0
FOODS_3_586_TX_2_validation,FOODS_3_586,FOODS_3,FOODS,TX_2,TX,66,10-06-2014,1.58,2014,6,1
FOODS_3_586_TX_2_validation,FOODS_3_586,FOODS_3,FOODS,TX_2,TX,72,11-06-2014,1.58,2014,6,2
FOODS_3_586_TX_2_validation,FOODS_3_586,FOODS_3,FOODS,TX_2,TX,90,12-06-2014,1.58,2014,6,3
FOODS_3_586_TX_2_validation,FOODS_3_586,FOODS_3,FOODS,TX_2,TX,71,13-06-2014,1.58,2014,6,4
FOODS_3_586_TX_2_validation,FOODS_3_586,FOODS_3,FOODS,TX_2,TX,150,14-06-2014,1.58,2014,6,5
FOODS_3_586_TX_2_validation,FOODS_3_586,FOODS_3,FOODS,TX_2,TX,123,15-06-2014,1.58,2014,6,6
FOODS_3_586_TX_2_validation,FOODS_3_586,FOODS_3,FOODS,TX_2,TX,82,16-06-2014,1.58,2014,6,0
FOODS_3_586_TX_2_validation,FOODS_3_586,FOODS_3,FOODS,TX_2,TX,77,17-06-2014,1.58,2014,6,1
FOODS_3_586_TX_2_validation,FOODS_3_586,FOODS_3,FOODS,TX_2,TX,92,18-06-2014,1.58,2014,6,2
FOODS_3_586_TX_2_validation,FOODS_3_586,FOODS_3,FOODS,TX_2,TX,103,19-06-2014,1.58,2014,6,3
FOODS_3_586_TX_2_validation,FOODS_3_586,FOODS_3,FOODS,TX_2,TX,90,20-06-2014,1.58,2014,6,4
FOODS_3_586_TX_2_validation,FOODS_3_586,FOODS_3,FOODS,TX_2,TX,115,21-06-2014,1.58,2014,6,5
FOODS_3_586_TX_2_validation,FOODS_3_586,FOODS_3,FOODS,TX_2,TX,81,22-06-2014,1.58,2014,6,6
FOODS_3_586_TX_2_validation,FOODS_3_586,FOODS_3,FOODS,TX_2,TX,77,23-06-2014,1.58,2014,6,0
FOODS_3_586_TX_2_validation,FOODS_3_586,FOODS_3,FOODS,TX_2,TX,64,24-06-2014,1.58,2014,6,1
FOODS_3_586_TX_2_validation,FOODS_3_586,FOODS_3,FOODS,TX_2,TX,82,25-06-2014,1.58,2014,6,2
FOODS_3_586_TX_2_validation,FOODS_3_586,FOODS_3,FOODS,TX_2,TX,83,26-06-2014,1.58,2014,6,3
FOODS_3_586_TX_2_validation,FOODS_3_586,FOODS_3,FOODS,TX_2,TX,121,27-06-2014,1.58,2014,6,4
FOODS_3_586_TX_2_validation,FOODS_3_586,FOODS_3,FOODS,TX_2,TX,108,28-06-2014,1.58,2014,6,5
FOODS_3_586_TX_2_validation,FOODS_3_586,FOODS_3,FOODS,TX_2,TX,112,29-06-2014,1.58,2014,6,6
FOODS_3_586_TX_2_validation,FOODS_3_586,FOODS_3,FOODS,TX_2,TX,91,30-06-2014,1.58,2014,6,0
FOODS_3_586_TX_2_validation,FOODS_3_586,FOODS_3,FOODS,TX_2,TX,91,01-07-2014,1.58,2014,7,1
FOODS_3_586_TX_2_validation,FOODS_3_586,FOODS_3,FOODS,TX_2,TX,98,02-07-2014,1.58,2014,7,2
FOODS_3_586_TX_2_validation,FOODS_3_586,FOODS_3,FOODS,TX_2,TX,132,03-07-2014,1.58,2014,7,3
FOODS_3_586_TX_2_validation,FOODS_3_586,FOODS_3,FOODS,TX_2,TX,161,04-07-2014,1.58,2014,7,4
FOODS_3_586_TX_2_validation,FOODS_3_586,FOODS_3,FOODS,TX_2,TX,114,05-07-2014,1.58,2014,7,5
FOODS_3_586_TX_2_validation,FOODS_3_586,FOODS_3,FOODS,TX_2,TX,97,06-07-2014,1.58,2014,7,6
FOODS_3_586_TX_2_validation,FOODS_3_586,FOODS_3,FOODS,TX_2,TX,103,07-07-2014,1.58,2014,7,0
FOODS_3_586_TX_2_validation,FOODS_3_586,FOODS_3,FOODS,TX_2,TX,87,08-07-2014,1.58,2014,7,1
FOODS_3_586_TX_2_validation,FOODS_3_586,FOODS_3,FOODS,TX_2,TX,104,09-07-2014,1.58,2014,7,2
FOODS_3_586_TX_2_validation,FOODS_3_586,FOODS_3,FOODS,TX_2,TX,119,10-07-2014,1.58,2014,7,3
FOODS_3_586_TX_2_validation,FOODS_3_586,FOODS_3,FOODS,TX_2,TX,118,11-07-2014,1.58,2014,7,4
FOODS_3_586_TX_2_validation,FOODS_3_586,FOODS_3,FOODS,TX_2,TX,155,12-07-2014,1.58,2014,7,5
FOODS_3_586_TX_2_validation,FOODS_3_586,FOODS_3,FOODS,TX_2,TX,95,13-07-2014,1.58,2014,7,6
FOODS_3_586_TX_2_validation,FOODS_3_586,FOODS_3,FOODS,TX_2,TX,104,14-07-2014,1.58,2014,7,0
FOODS_3_586_TX_2_validation,FOODS_3_586,FOODS_3,FOODS,TX_2,TX,109,15-07-2014,1.58,2014,7,1
FOODS_3_586_TX_2_validation,FOODS_3_586,FOODS_3,FOODS,TX_2,TX,105,16-07-2014,1.58,2014,7,2
FOODS_3_586_TX_2_validation,FOODS_3_586,FOODS_3,FOODS,TX_2,TX,103,17-07-2014,1.58,2014,7,3
FOODS_3_586_TX_2_validation,FOODS_3_586,FOODS_3,FOODS,TX_2,TX,146,18-07-2014,1.58,2014,7,4
FOODS_3_586_TX_2_validation,FOODS_3_586,FOODS_3,FOODS,TX_2,TX,145,19-07-2014,1.58,2014,7,5
FOODS_3_586_TX_2_validation,FOODS_3_586,FOODS_3,FOODS,TX_2,TX,135,20-07-2014,1.58,2014,7,6
FOODS_3_586_TX_2_validation,FOODS_3_586,FOODS_3,FOODS,TX_2,TX,95,21-07-2014,1.58,2014,7,0
FOODS_3_586_TX_2_validation,FOODS_3_586,FOODS_3,FOODS,TX_2,TX,112,22-07-2014,1.58,2014,7,1
FOODS_3_586_TX_2_validation,FOODS_3_586,FOODS_3,FOODS,TX_2,TX,123,23-07-2014,1.58,2014,7,2
FOODS_3_586_TX_2_validation,FOODS_3_586,FOODS_3,FOODS,TX_2,TX,132,24-07-2014,1.58,2014,7,3
FOODS_3_586_TX_2_validation,FOODS_3_586,FOODS_3,FOODS,TX_2,TX,171,25-07-2014,1.58,2014,7,4
FOODS_3_586_TX_2_validation,FOODS_3_586,FOODS_3,FOODS,TX_2,TX,0,26-07-2014,1.68,2014,7,5
FOODS_3_586_TX_2_validation,FOODS_3_586,FOODS_3,FOODS,TX_2,TX,0,27-07-2014,1.68,2014,7,6
FOODS_3_586_TX_2_validation,FOODS_3_586,FOODS_3,FOODS,TX_2,TX,80,28-07-2014,1.68,2014,7,0
FOODS_3_586_TX_2_validation,FOODS_3_586,FOODS_3,FOODS,TX_2,TX,106,29-07-2014,1.68,2014,7,1
FOODS_3_586_TX_2_validation,FOODS_3_586,FOODS_3,FOODS,TX_2,TX,127,30-07-2014,1.68,2014,7,2
FOODS_3_586_TX_2_validation,FOODS_3_586,FOODS_3,FOODS,TX_2,TX,107,31-07-2014,1.68,2014,7,3
FOODS_3_586_TX_2_validation,FOODS_3_586,FOODS_3,FOODS,TX_2,TX,145,01-08-2014,1.68,2014,8,4
FOODS_3_586_TX_2_validation,FOODS_3_586,FOODS_3,FOODS,TX_2,TX,157,02-08-2014,1.68,2014,8,5
FOODS_3_586_TX_2_validation,FOODS_3_586,FOODS_3,FOODS,TX_2,TX,178,03-08-2014,1.68,2014,8,6
FOODS_3_586_TX_2_validation,FOODS_3_586,FOODS_3,FOODS,TX_2,TX,121,04-08-2014,1.68,2014,8,0
FOODS_3_586_TX_2_validation,FOODS_3_586,FOODS_3,FOODS,TX_2,TX,108,05-08-2014,1.68,2014,8,1
FOODS_3_586_TX_2_validation,FOODS_3_586,FOODS_3,FOODS,TX_2,TX,118,06-08-2014,1.68,2014,8,2
FOODS_3_586_TX_2_validation,FOODS_3_586,FOODS_3,FOODS,TX_2,TX,179,07-08-2014,1.68,2014,8,3
FOODS_3_586_TX_2_validation,FOODS_3_586,FOODS_3,FOODS,TX_2,TX,209,08-08-2014,1.68,2014,8,4
FOODS_3_586_TX_2_validation,FOODS_3_586,FOODS_3,FOODS,TX_2,TX,207,09-08-2014,1.68,2014,8,5
FOODS_3_586_TX_2_validation,FOODS_3_586,FOODS_3,FOODS,TX_2,TX,162,10-08-2014,1.68,2014,8,6
FOODS_3_586_TX_2_validation,FOODS_3_586,FOODS_3,FOODS,TX_2,TX,124,11-08-2014,1.68,2014,8,0
FOODS_3_586_TX_2_validation,FOODS_3_586,FOODS_3,FOODS,TX_2,TX,125,12-08-2014,1.68,2014,8,1
FOODS_3_586_TX_2_validation,FOODS_3_586,FOODS_3,FOODS,TX_2,TX,104,13-08-2014,1.68,2014,8,2
FOODS_3_586_TX_2_validation,FOODS_3_586,FOODS_3,FOODS,TX_2,TX,98,14-08-2014,1.68,2014,8,3
FOODS_3_586_TX_2_validation,FOODS_3_586,FOODS_3,FOODS,TX_2,TX,148,15-08-2014,1.68,2014,8,4
FOODS_3_586_TX_2_validation,FOODS_3_586,FOODS_3,FOODS,TX_2,TX,126,16-08-2014,1.68,2014,8,5
FOODS_3_586_TX_2_validation,FOODS_3_586,FOODS_3,FOODS,TX_2,TX,75,17-08-2014,1.68,2014,8,6
FOODS_3_586_TX_2_validation,FOODS_3_586,FOODS_3,FOODS,TX_2,TX,40,18-08-2014,1.68,2014,8,0
FOODS_3_586_TX_2_validation,FOODS_3_586,FOODS_3,FOODS,TX_2,TX,71,19-08-2014,1.68,2014,8,1
FOODS_3_586_TX_2_validation,FOODS_3_586,FOODS_3,FOODS,TX_2,TX,69,20-08-2014,1.68,2014,8,2
FOODS_3_586_TX_2_validation,FOODS_3_586,FOODS_3,FOODS,TX_2,TX,108,21-08-2014,1.68,2014,8,3
FOODS_3_586_TX_2_validation,FOODS_3_586,FOODS_3,FOODS,TX_2,TX,111,22-08-2014,1.68,2014,8,4
FOODS_3_586_TX_2_validation,FOODS_3_586,FOODS_3,FOODS,TX_2,TX,123,23-08-2014,1.68,2014,8,5
FOODS_3_586_TX_2_validation,FOODS_3_586,FOODS_3,FOODS,TX_2,TX,145,24-08-2014,1.68,2014,8,6
FOODS_3_586_TX_2_validation,FOODS_3_586,FOODS_3,FOODS,TX_2,TX,97,25-08-2014,1.68,2014,8,0
FOODS_3_586_TX_2_validation,FOODS_3_586,FOODS_3,FOODS,TX_2,TX,93,26-08-2014,1.68,2014,8,1
FOODS_3_586_TX_2_validation,FOODS_3_586,FOODS_3,FOODS,TX_2,TX,96,27-08-2014,1.68,2014,8,2
FOODS_3_586_TX_2_validation,FOODS_3_586,FOODS_3,FOODS,TX_2,TX,84,28-08-2014,1.68,2014,8,3
FOODS_3_586_TX_2_validation,FOODS_3_586,FOODS_3,FOODS,TX_2,TX,105,29-08-2014,1.68,2014,8,4
FOODS_3_586_TX_2_validation,FOODS_3_586,FOODS_3,FOODS,TX_2,TX,120,30-08-2014,1.68,2014,8,5
FOODS_3_586_TX_2_validation,FOODS_3_586,FOODS_3,FOODS,TX_2,TX,127,31-08-2014,1.68,2014,8,6
FOODS_3_586_TX_2_validation,FOODS_3_586,FOODS_3,FOODS,TX_2,TX,165,01-09-2014,1.68,2014,9,0
FOODS_3_586_TX_2_validation,FOODS_3_586,FOODS_3,FOODS,TX_2,TX,95,02-09-2014,1.68,2014,9,1
FOODS_3_586_TX_2_validation,FOODS_3_586,FOODS_3,FOODS,TX_2,TX,120,03-09-2014,1.68,2014,9,2
FOODS_3_586_TX_2_validation,FOODS_3_586,FOODS_3,FOODS,TX_2,TX,92,04-09-2014,1.68,2014,9,3
FOODS_3_586_TX_2_validation,FOODS_3_586,FOODS_3,FOODS,TX_2,TX,121,05-09-2014,1.68,2014,9,4
FOODS_3_586_TX_2_validation,FOODS_3_586,FOODS_3,FOODS,TX_2,TX,152,06-09-2014,1.68,2014,9,5
FOODS_3_586_TX_2_validation,FOODS_3_586,FOODS_3,FOODS,TX_2,TX,112,07-09-2014,1.68,2014,9,6
FOODS_3_586_TX_2_validation,FOODS_3_586,FOODS_3,FOODS,TX_2,TX,90,08-09-2014,1.68,2014,9,0
FOODS_3_586_TX_2_validation,FOODS_3_586,FOODS_3,FOODS,TX_2,TX,88,09-09-2014,1.68,2014,9,1
FOODS_3_586_TX_2_validation,FOODS_3_586,FOODS_3,FOODS,TX_2,TX,121,10-09-2014,1.68,2014,9,2
FOODS_3_586_TX_2_validation,FOODS_3_586,FOODS_3,FOODS,TX_2,TX,95,11-09-2014,1.68,2014,9,3
FOODS_3_586_TX_2_validation,FOODS_3_586,FOODS_3,FOODS,TX_2,TX,85,12-09-2014,1.68,2014,9,4
FOODS_3_586_TX_2_validation,FOODS_3_586,FOODS_3,FOODS,TX_2,TX,150,13-09-2014,1.68,2014,9,5
FOODS_3_586_TX_2_validation,FOODS_3_586,FOODS_3,FOODS,TX_2,TX,119,14-09-2014,1.68,2014,9,6
FOODS_3_586_TX_2_validation,FOODS_3_586,FOODS_3,FOODS,TX_2,TX,70,15-09-2014,1.68,2014,9,0
FOODS_3_586_TX_2_validation,FOODS_3_586,FOODS_3,FOODS,TX_2,TX,80,16-09-2014,1.68,2014,9,1
FOODS_3_586_TX_2_validation,FOODS_3_586,FOODS_3,FOODS,TX_2,TX,84,17-09-2014,1.68,2014,9,2
FOODS_3_586_TX_2_validation,FOODS_3_586,FOODS_3,FOODS,TX_2,TX,64,18-09-2014,1.68,2014,9,3
FOODS_3_586_TX_2_validation,FOODS_3_586,FOODS_3,FOODS,TX_2,TX,87,19-09-2014,1.68,2014,9,4
FOODS_3_586_TX_2_validation,FOODS_3_586,FOODS_3,FOODS,TX_2,TX,128,20-09-2014,1.68,2014,9,5
FOODS_3_586_TX_2_validation,FOODS_3_586,FOODS_3,FOODS,TX_2,TX,136,21-09-2014,1.68,2014,9,6
FOODS_3_586_TX_2_validation,FOODS_3_586,FOODS_3,FOODS,TX_2,TX,62,22-09-2014,1.68,2014,9,0
FOODS_3_586_TX_2_validation,FOODS_3_586,FOODS_3,FOODS,TX_2,TX,82,23-09-2014,1.68,2014,9,1
FOODS_3_586_TX_2_validation,FOODS_3_586,FOODS_3,FOODS,TX_2,TX,81,24-09-2014,1.68,2014,9,2
FOODS_3_586_TX_2_validation,FOODS_3_586,FOODS_3,FOODS,TX_2,TX,77,25-09-2014,1.68,2014,9,3
FOODS_3_586_TX_2_validation,FOODS_3_586,FOODS_3,FOODS,TX_2,TX,92,26-09-2014,1.68,2014,9,4
FOODS_3_586_TX_2_validation,FOODS_3_586,FOODS_3,FOODS,TX_2,TX,134,27-09-2014,1.68,2014,9,5
FOODS_3_586_TX_2_validation,FOODS_3_586,FOODS_3,FOODS,TX_2,TX,120,28-09-2014,1.68,2014,9,6
FOODS_3_586_TX_2_validation,FOODS_3_586,FOODS_3,FOODS,TX_2,TX,73,29-09-2014,1.68,2014,9,0
FOODS_3_586_TX_2_validation,FOODS_3_586,FOODS_3,FOODS,TX_2,TX,73,30-09-2014,1.68,2014,9,1
FOODS_3_586_TX_2_validation,FOODS_3_586,FOODS_3,FOODS,TX_2,TX,87,01-10-2014,1.68,2014,10,2
FOODS_3_586_TX_2_validation,FOODS_3_586,FOODS_3,FOODS,TX_2,TX,78,02-10-2014,1.68,2014,10,3
FOODS_3_586_TX_2_validation,FOODS_3_586,FOODS_3,FOODS,TX_2,TX,111,03-10-2014,1.68,2014,10,4
FOODS_3_586_TX_2_validation,FOODS_3_586,FOODS_3,FOODS,TX_2,TX,122,04-10-2014,1.68,2014,10,5
FOODS_3_586_TX_2_validation,FOODS_3_586,FOODS_3,FOODS,TX_2,TX,117,05-10-2014,1.68,2014,10,6
FOODS_3_586_TX_2_validation,FOODS_3_586,FOODS_3,FOODS,TX_2,TX,73,06-10-2014,1.68,2014,10,0
FOODS_3_586_TX_2_validation,FOODS_3_586,FOODS_3,FOODS,TX_2,TX,80,07-10-2014,1.68,2014,10,1
FOODS_3_586_TX_2_validation,FOODS_3_586,FOODS_3,FOODS,TX_2,TX,103,08-10-2014,1.68,2014,10,2
FOODS_3_586_TX_2_validation,FOODS_3_586,FOODS_3,FOODS,TX_2,TX,108,09-10-2014,1.68,2014,10,3
FOODS_3_586_TX_2_validation,FOODS_3_586,FOODS_3,FOODS,TX_2,TX,101,10-10-2014,1.68,2014,10,4
FOODS_3_586_TX_2_validation,FOODS_3_586,FOODS_3,FOODS,TX_2,TX,127,11-10-2014,1.68,2014,10,5
FOODS_3_586_TX_2_validation,FOODS_3_586,FOODS_3,FOODS,TX_2,TX,113,12-10-2014,1.68,2014,10,6
FOODS_3_586_TX_2_validation,FOODS_3_586,FOODS_3,FOODS,TX_2,TX,53,13-10-2014,1.68,2014,10,0
FOODS_3_586_TX_2_validation,FOODS_3_586,FOODS_3,FOODS,TX_2,TX,75,14-10-2014,1.68,2014,10,1
FOODS_3_586_TX_2_validation,FOODS_3_586,FOODS_3,FOODS,TX_2,TX,70,15-10-2014,1.68,2014,10,2
FOODS_3_586_TX_2_validation,FOODS_3_586,FOODS_3,FOODS,TX_2,TX,57,16-10-2014,1.68,2014,10,3
FOODS_3_586_TX_2_validation,FOODS_3_586,FOODS_3,FOODS,TX_2,TX,75,17-10-2014,1.68,2014,10,4
FOODS_3_586_TX_2_validation,FOODS_3_586,FOODS_3,FOODS,TX_2,TX,112,18-10-2014,1.68,2014,10,5
FOODS_3_586_TX_2_validation,FOODS_3_586,FOODS_3,FOODS,TX_2,TX,95,19-10-2014,1.68,2014,10,6
FOODS_3_586_TX_2_validation,FOODS_3_586,FOODS_3,FOODS,TX_2,TX,81,20-10-2014,1.68,2014,10,0
FOODS_3_586_TX_2_validation,FOODS_3_586,FOODS_3,FOODS,TX_2,TX,70,21-10-2014,1.68,2014,10,1
FOODS_3_586_TX_2_validation,FOODS_3_586,FOODS_3,FOODS,TX_2,TX,68,22-10-2014,1.68,2014,10,2
FOODS_3_586_TX_2_validation,FOODS_3_586,FOODS_3,FOODS,TX_2,TX,93,23-10-2014,1.68,2014,10,3
FOODS_3_586_TX_2_validation,FOODS_3_586,FOODS_3,FOODS,TX_2,TX,87,24-10-2014,1.68,2014,10,4
FOODS_3_586_TX_2_validation,FOODS_3_586,FOODS_3,FOODS,TX_2,TX,110,25-10-2014,1.68,2014,10,5
FOODS_3_586_TX_2_validation,FOODS_3_586,FOODS_3,FOODS,TX_2,TX,121,26-10-2014,1.68,2014,10,6
FOODS_3_586_TX_2_validation,FOODS_3_586,FOODS_3,FOODS,TX_2,TX,75,27-10-2014,1.68,2014,10,0
FOODS_3_586_TX_2_validation,FOODS_3_586,FOODS_3,FOODS,TX_2,TX,82,28-10-2014,1.68,2014,10,1
FOODS_3_586_TX_2_validation,FOODS_3_586,FOODS_3,FOODS,TX_2,TX,79,29-10-2014,1.68,2014,10,2
FOODS_3_586_TX_2_validation,FOODS_3_586,FOODS_3,FOODS,TX_2,TX,88,30-10-2014,1.68,2014,10,3
FOODS_3_586_TX_2_validation,FOODS_3_586,FOODS_3,FOODS,TX_2,TX,92,31-10-2014,1.68,2014,10,4
FOODS_3_586_TX_2_validation,FOODS_3_586,FOODS_3,FOODS,TX_2,TX,103,01-11-2014,1.68,2014,11,5
FOODS_3_586_TX_2_validation,FOODS_3_586,FOODS_3,FOODS,TX_2,TX,87,02-11-2014,1.68,2014,11,6
FOODS_3_586_TX_2_validation,FOODS_3_586,FOODS_3,FOODS,TX_2,TX,62,03-11-2014,1.68,2014,11,0
FOODS_3_586_TX_2_validation,FOODS_3_586,FOODS_3,FOODS,TX_2,TX,80,04-11-2014,1.68,2014,11,1
FOODS_3_586_TX_2_validation,FOODS_3_586,FOODS_3,FOODS,TX_2,TX,67,05-11-2014,1.68,2014,11,2
FOODS_3_586_TX_2_validation,FOODS_3_586,FOODS_3,FOODS,TX_2,TX,87,06-11-2014,1.68,2014,11,3
